// Jest Snapshot v1, https://goo.gl/fbAQLP

exports[` 1`] = `
<header>
  <h1>
    To Do List
  </h1>
</header>
`;

exports[`To Do List 1`] = `
<header>
  <h1>
    To Do List
  </h1>
</header>
`;
